   Compiling proc-macro2 v1.0.106
   Compiling unicode-ident v1.0.24
   Compiling quote v1.0.45
   Compiling libc v0.2.186
   Compiling serde v1.0.228
   Compiling serde_core v1.0.228
   Compiling cfg-if v1.0.4
   Compiling version_check v0.9.5
   Compiling pin-project-lite v0.2.17
   Compiling memchr v2.8.0
   Compiling typenum v1.20.0
   Compiling shlex v1.3.0
   Compiling find-msvc-tools v0.1.9
   Compiling itoa v1.0.18
   Compiling parking_lot_core v0.9.12
   Compiling futures-core v0.3.32
   Compiling subtle v2.6.1
   Compiling bytes v1.11.1
   Compiling futures-io v0.3.32
   Compiling autocfg v1.5.0
   Compiling scopeguard v1.2.0
   Compiling futures-sink v0.3.32
   Compiling log v0.4.29
   Compiling once_cell v1.21.4
   Compiling slab v0.4.12
   Compiling const-oid v0.9.6
   Compiling libm v0.2.16
   Compiling futures-task v0.3.32
   Compiling fnv v1.0.7
   Compiling equivalent v1.0.2
   Compiling zerocopy v0.8.48
   Compiling pkg-config v0.3.33
   Compiling crossbeam-utils v0.8.21
   Compiling stable_deref_trait v1.2.1
   Compiling cpufeatures v0.2.17
   Compiling icu_properties_data v2.2.0
   Compiling icu_normalizer_data v2.2.0
   Compiling time-core v0.1.8
   Compiling num-conv v0.2.1
   Compiling crc32fast v1.5.0
   Compiling powerfmt v0.2.0
   Compiling hashbrown v0.17.0
   Compiling percent-encoding v2.3.2
   Compiling zmij v1.0.21
   Compiling thiserror v2.0.18
   Compiling serde_json v1.0.150
   Compiling dunce v1.0.5
   Compiling ryu v1.0.23
   Compiling untrusted v0.9.0
   Compiling fs_extra v1.3.0
   Compiling getrandom v0.4.2
   Compiling base64ct v1.8.3
   Compiling rand_core v0.10.1
   Compiling bitflags v2.11.1
   Compiling base64 v0.22.1
   Compiling httparse v1.10.1
   Compiling simd-adler32 v0.3.9
   Compiling aws-lc-rs v1.18.1
   Compiling semver v1.0.28
   Compiling litemap v0.8.2
   Compiling writeable v0.6.3
   Compiling utf8_iter v1.0.4
   Compiling adler2 v2.0.1
   Compiling httpdate v1.0.3
   Compiling rustls v0.23.45
   Compiling zlib-rs v0.6.3
   Compiling tower-service v0.3.3
   Compiling try-lock v0.2.5
   Compiling outref v0.5.2
   Compiling vsimd v0.8.0
   Compiling parking v2.2.1
   Compiling pin-utils v0.1.0
   Compiling rustversion v1.0.22
   Compiling atomic-waker v1.1.2
   Compiling tower-layer v0.3.3
   Compiling ipnet v2.12.0
   Compiling base16ct v0.2.0
   Compiling alloc-no-stdlib v2.0.4
   Compiling openssl-probe v0.2.1
   Compiling cpufeatures v0.3.0
   Compiling byteorder v1.5.0
   Compiling mime v0.3.17
   Compiling getrandom v0.3.4
   Compiling crossbeam-epoch v0.9.20
   Compiling allocator-api2 v0.2.21
   Compiling cmov v0.5.3
   Compiling getrandom v0.1.16
   Compiling zeroize v1.8.2
   Compiling thiserror v1.0.69
   Compiling compression-core v0.4.32
   Compiling regex-syntax v0.8.10
   Compiling fastrand v2.4.1
   Compiling unicase v2.9.0
   Compiling const-oid v0.10.2
   Compiling spin v0.9.8
   Compiling rustls v0.21.12
   Compiling tinyvec_macros v0.1.1
   Compiling glob v0.3.3
   Compiling crunchy v0.2.4
   Compiling rayon-core v1.13.0
   Compiling crc-catalog v2.5.0
   Compiling anyhow v1.0.102
   Compiling foldhash v0.1.5
   Compiling generic-array v0.14.7
   Compiling lock_api v0.4.14
   Compiling futures-channel v0.3.32
   Compiling tracing-core v0.1.36
   Compiling form_urlencoded v1.2.2
   Compiling sync_wrapper v1.0.2
   Compiling zstd-safe v7.2.4
   Compiling iana-time-zone v0.1.65
   Compiling hex v0.4.3
   Compiling foldhash v0.2.0
   Compiling fastrand v1.9.0
   Compiling strsim v0.11.1
   Compiling num-traits v0.2.19
   Compiling http v1.4.0
   Compiling time-macros v0.2.27
   Compiling http v0.2.12
   Compiling rustc_version v0.4.1
   Compiling want v0.3.1
   Compiling rustls-pki-types v1.14.1
   Compiling ctutils v0.4.2
   Compiling aho-corasick v1.1.4
   Compiling event-listener v2.5.3
   Compiling paste v1.0.15
   Compiling miniz_oxide v0.8.9
   Compiling alloc-stdlib v0.2.2
   Compiling hybrid-array v0.4.11
   Compiling waker-fn v1.2.0
   Compiling http-range-header v0.4.2
   Compiling pem-rfc7468 v0.7.0
   Compiling ident_case v1.0.1
   Compiling http-types v2.12.0
   Compiling ownedbytes v0.9.0
   Compiling unicode-properties v0.1.4
   Compiling prettyplease v0.2.37
   Compiling minimal-lexical v0.2.1
   Compiling base64 v0.13.1
   Compiling unicode-bidi v0.3.18
   Compiling heck v0.5.0
   Compiling crc v3.3.0
   Compiling base64-simd v0.8.0
   Compiling hashbrown v0.15.5
   Compiling tinyvec v1.11.0
   Compiling lazy_static v1.5.0
   Compiling infer v0.2.3
   Compiling weezl v0.1.12
   Compiling typeid v1.0.3
   Compiling rustix v1.1.4
   Compiling winnow v1.0.3
   Compiling nom v8.0.0
   Compiling encoding_rs v0.8.35
   Compiling whoami v1.6.1
   Compiling erased-serde v0.4.10
   Compiling utf8-ranges v1.0.5
   Compiling home v0.5.12
   Compiling utf8parse v0.2.2
   Compiling hashbrown v0.16.1
   Compiling dotenvy v0.15.7
   Compiling rustc-hash v2.1.2
   Compiling dyn-clone v1.0.20
   Compiling linux-raw-sys v0.12.1
   Compiling mime_guess v2.0.5
   Compiling num-bigint-dig v0.8.6
   Compiling fdeflate v0.3.7
   Compiling raw-cpuid v11.6.0
   Compiling futures-lite v1.13.0
   Compiling brotli-decompressor v5.0.0
   Compiling chacha20 v0.10.1
   Compiling multer v3.1.0
   Compiling colorchoice v1.0.5
   Compiling zune-core v0.5.1
   Compiling utf-8 v0.7.6
   Compiling webpki-roots v1.0.7
   Compiling portable-atomic v1.13.1
   Compiling byteorder-lite v0.1.0
   Compiling opaque-debug v0.3.1
   Compiling anstyle v1.0.14
   Compiling indexmap v2.14.0
   Compiling color_quant v1.1.0
   Compiling futures-util v0.3.32
   Compiling block-buffer v0.12.0
   Compiling crypto-common v0.2.1
   Compiling pom v1.1.0
   Compiling quick-error v2.0.1
   Compiling siphasher v1.0.3
   Compiling spin v0.10.0
   Compiling murmurhash32 v0.3.1
   Compiling bitpacking v0.9.3
   Compiling typetag v0.2.22
   Compiling pxfm v0.1.29
   Compiling is_terminal_polyfill v1.70.2
   Compiling arc-swap v1.9.1
   Compiling http-body v1.0.1
   Compiling concurrent-queue v2.5.0
   Compiling http-body v0.4.6
   Compiling crossbeam-queue v0.3.12
   Compiling unicode-normalization v0.1.25
   Compiling nom v7.1.3
   Compiling rapidhash v4.5.1
   Compiling anstyle-parse v1.0.0
   Compiling data-encoding v2.11.1
   Compiling curve25519-dalek v4.1.3
   Compiling azure_core v0.21.0
   Compiling aws-types v1.3.16
   Compiling tantivy-fst v0.5.0
   Compiling block-buffer v0.10.4
   Compiling crypto-common v0.1.7
   Compiling regex-automata v0.4.14
   Compiling anstyle-query v1.1.5
   Compiling hashlink v0.10.0
   Compiling crossbeam-channel v0.5.15
   Compiling left-right v0.11.8
   Compiling getrandom v0.2.17
   Compiling jobserver v0.1.34
   Compiling errno v0.3.14
   Compiling socket2 v0.6.4
   Compiling mio v1.2.0
   Compiling socket2 v0.5.10
   Compiling webpki-roots v0.26.11
   Compiling image-webp v0.2.4
   Compiling lru v0.16.4
   Compiling gif v0.14.2
   Compiling memmap2 v0.9.11
   Compiling chrono v0.4.45
   Compiling atoi v2.0.0
   Compiling phf_shared v0.12.1
   Compiling zune-jpeg v0.5.15
   Compiling brotli v8.0.2
   Compiling bytemuck v1.25.0
   Compiling flate2 v1.1.9
   Compiling uuid v1.23.3
   Compiling deranged v0.5.8
   Compiling http-body-util v0.1.3
   Compiling digest v0.11.3
   Compiling metrics-exporter-prometheus v0.18.3
   Compiling event-listener v5.4.1
   Compiling async-channel v1.9.0
   Compiling quanta v0.12.6
   Compiling rangemap v1.7.1
   Compiling chrono-tz v0.10.4
   Compiling fastdivide v0.4.2
   Compiling crossbeam-deque v0.8.6
   Compiling clap_lex v1.1.0
   Compiling xmlparser v0.13.6
   Compiling ttf-parser v0.25.1
   Compiling downcast-rs v2.0.2
   Compiling sketches-ddsketch v0.3.1
   Compiling bumpalo v3.20.2
   Compiling litrs v1.0.0
   Compiling stringprep v0.1.5
   Compiling anstream v1.0.0
   Compiling hashbag v0.1.13
   Compiling digest v0.10.7
   Compiling inventory v0.3.24
   Compiling RustyXML v0.3.0
   Compiling metrics v0.24.6
   Compiling hashbrown v0.14.5
   Compiling rand_core v0.6.4
   Compiling serde_spanned v1.1.1
   Compiling serde_path_to_error v0.1.20
   Compiling toml_datetime v1.1.1+spec-1.1.0
   Compiling adobe-cmap-parser v0.4.1
   Compiling type1-encoding-parser v0.1.1
   Compiling sharded-slab v0.1.7
   Compiling tracing-log v0.2.0
   Compiling signal-hook-registry v1.4.8
   Compiling pem v3.0.6
   Compiling cc v1.2.61
   Compiling rand_core v0.9.5
   Compiling email-encoding v0.4.1
   Compiling rand_core v0.5.1
   Compiling rand v0.10.1
   Compiling phf v0.12.1
   Compiling futures-lite v2.6.1
   Compiling tokio v1.52.3
   Compiling measure_time v0.9.0
   Compiling thread_local v1.1.9
   Compiling nu-ansi-term v0.50.3
   Compiling arrayvec v0.7.6
   Compiling syn v2.0.117
   Compiling arrayref v0.3.9
   Compiling toml_writer v1.1.1+spec-1.1.0
   Compiling cff-parser v0.2.0
   Compiling typed-path v0.12.3
   Compiling sha2 v0.11.0
   Compiling hmac v0.13.0
   Compiling png v0.18.1
   Compiling md-5 v0.11.0
   Compiling sha1 v0.11.0
   Compiling census v0.4.2
   Compiling event-listener-strategy v0.5.4
   Compiling toml_parser v1.1.2+spec-1.1.0
   Compiling num-integer v0.1.46
   Compiling ppv-lite86 v0.2.21
   Compiling time v0.3.47
   Compiling ordered-float v5.3.0
   Compiling geo-types v0.7.19
   Compiling zopfli v0.8.3
   Compiling sha2 v0.10.9
   Compiling hmac v0.12.1
   Compiling md-5 v0.10.6
   Compiling clap_builder v4.6.0
   Compiling euclid v0.20.14
   Compiling aws-smithy-xml v0.60.15
   Compiling ff v0.13.1
   Compiling password-hash v0.5.0
   Compiling lz4_flex v0.13.1
   Compiling datasketches v0.2.0
   Compiling oxicloud v0.0.0 (/home/ht2673/Dev/h5i-app-bench/ports/oxicloud/upstream-src)
   Compiling mutate_once v0.1.2
   Compiling regex v1.12.3
   Compiling rand_xoshiro v0.7.0
   Compiling matchers v0.2.0
   Compiling oneshot v0.1.13
   Compiling levenshtein_automata v0.2.1
   Compiling htmlescape v0.3.1
   Compiling constant_time_eq v0.4.2
   Compiling cfb v0.7.3
   Compiling matchit v0.8.4
   Compiling postscript v0.14.1
   Compiling tagptr v0.2.0
   Compiling email_address v0.2.9
   Compiling cmake v0.1.58
   Compiling regex-lite v0.1.9
   Compiling compression-codecs v0.4.38
   Compiling quoted_printable v0.5.2
   Compiling id3 v1.17.0
   Compiling smol_str v0.3.6
   Compiling fs2 v0.4.3
   Compiling quick-xml v0.41.0
   Compiling accept-language v3.1.0
   Compiling urlencoding v2.1.3
   Compiling oxicloud-kernel v0.1.0 (/home/ht2673/Dev/h5i-app-bench/ports/oxicloud/kernel)
   Compiling async-lock v3.4.2
   Compiling moxcms v0.8.1
   Compiling num-iter v0.1.45
   Compiling num-bigint v0.4.6
   Compiling tempfile v3.27.0
   Compiling fs4 v0.13.1
   Compiling toml v1.1.2+spec-1.1.0
   Compiling rand_chacha v0.3.1
   Compiling rand_chacha v0.9.0
   Compiling rand_chacha v0.2.2
   Compiling hkdf v0.12.4
warning: oxicloud@0.0.0: OxiCloud vframework-final-12-g0440f57-dirty (tag=framework-final hash=0440f57de91a019d995fadc2ef67f03d5bd1e04e branch=change-scope)
   Compiling document-features v0.2.12
   Compiling tantivy-bitpacker v0.10.0
   Compiling group v0.13.0
   Compiling iso6709parse v0.1.2
   Compiling kamadak-exif v0.6.1
   Compiling zip v8.6.0
   Compiling synstructure v0.13.2
   Compiling darling_core v0.23.0
   Compiling infer v0.19.0
   Compiling ring v0.17.14
   Compiling zstd-sys v2.0.16+zstd.1.5.7
   Compiling libmimalloc-sys v0.1.49
   Compiling libwebp-sys v0.9.6
   Compiling blake3 v1.8.5
   Compiling rand v0.8.6
   Compiling rand v0.9.4
   Compiling rand v0.7.3
   Compiling aws-lc-sys v0.45.0
   Compiling tokio-stream v0.1.18
   Compiling serde_derive v1.0.228
   Compiling zeroize_derive v1.5.0
   Compiling tokio-macros v2.7.0
   Compiling futures-macro v0.3.32
   Compiling tracing-attributes v0.1.31
   Compiling zerovec-derive v0.11.3
   Compiling displaydoc v0.2.5
   Compiling thiserror-impl v2.0.18
   Compiling aws-smithy-runtime-api-macros v1.0.0
   Compiling async-trait v0.1.89
   Compiling thiserror-impl v1.0.69
   Compiling pin-project-internal v1.1.11
   Compiling curve25519-dalek-derive v0.1.1
   Compiling typetag-impl v0.2.22
   Compiling derive-where v1.6.1
   Compiling async-stream-impl v0.3.6
   Compiling axum-macros v0.5.1
   Compiling clap_derive v4.6.1
   Compiling utoipa-gen v5.5.0
   Compiling metrics-util v0.20.4
   Compiling zerofrom-derive v0.1.7
   Compiling yoke-derive v0.8.2
   Compiling image v0.25.10
   Compiling darling_macro v0.23.0
   Compiling async-stream v0.3.6
   Compiling pin-project v1.1.11
   Compiling der v0.7.10
   Compiling tracing v0.1.44
   Compiling zerofrom v0.1.7
   Compiling darling v0.23.0
   Compiling clap v4.6.1
   Compiling simple_asn1 v0.6.4
   Compiling fast_image_resize v5.5.0
   Compiling ical v0.11.0
   Compiling mp3-duration v0.1.10
   Compiling yoke v0.8.2
   Compiling axum-core v0.5.6
   Compiling bon-macros v3.9.2
   Compiling rustls-native-certs v0.8.3
   Compiling zerovec v0.11.6
   Compiling zerotrie v0.2.4
   Compiling smallvec v1.15.1
   Compiling either v1.15.0
   Compiling askama_parser v0.16.0
   Compiling basic-toml v0.1.10
   Compiling serde_urlencoded v0.7.1
   Compiling serde_qs v0.8.5
   Compiling tantivy-common v0.11.0
   Compiling quick-xml v0.31.0
   Compiling tantivy-tokenizer-api v0.7.0
   Compiling tantivy-query-grammar v0.26.0
   Compiling rust-stemmers v1.2.0
   Compiling sketches-ddsketch v0.4.0
   Compiling mimalloc v0.1.52
   Compiling webp v0.3.1
   Compiling bytes-utils v0.1.4
   Compiling itertools v0.14.0
   Compiling rayon v1.12.0
   Compiling smallstr v0.3.1
   Compiling evmap v11.0.0
   Compiling tracing-subscriber v0.3.23
   Compiling spki v0.7.3
   Compiling tinystr v0.8.3
   Compiling potential_utf v0.1.5
   Compiling crypto-bigint v0.5.5
   Compiling block-padding v0.3.3
   Compiling utoipa v5.5.0
   Compiling tantivy-stacker v0.7.0
   Compiling futures-executor v0.3.32
   Compiling parking_lot v0.12.5
   Compiling dashmap v6.2.1
   Compiling universal-hash v0.5.1
   Compiling aead v0.5.2
   Compiling inout v0.1.4
   Compiling pkcs8 v0.10.2
   Compiling icu_collections v2.2.0
   Compiling icu_locale_core v2.2.0
   Compiling rustls-webpki v0.103.15
   Compiling futures v0.3.32
   Compiling nom-exif v3.6.1
   Compiling futures-intrusive v0.5.0
   Compiling moka v0.12.15
   Compiling polyval v0.6.2
   Compiling rustls-webpki v0.101.7
   Compiling sct v0.7.1
   Compiling cipher v0.4.4
   Compiling yrs v0.27.4
   Compiling signature v2.2.0
   Compiling sha1 v0.10.6
   Compiling blake2 v0.10.6
   Compiling sec1 v0.7.3
   Compiling pkcs1 v0.7.5
   Compiling askama_derive v0.16.0
   Compiling ghash v0.5.1
   Compiling crc-fast v1.9.0
   Compiling ed25519 v2.2.3
   Compiling jpeg-decoder v0.3.2
   Compiling icu_provider v2.2.0
   Compiling rfc6979 v0.4.0
   Compiling tungstenite v0.28.0
   Compiling argon2 v0.5.3
   Compiling aes v0.8.4
   Compiling ecb v0.1.2
   Compiling cbc v0.1.2
   Compiling ctr v0.9.2
   Compiling rsa v0.9.10
   Compiling bon v3.9.2
   Compiling elliptic-curve v0.13.8
   Compiling ed25519-dalek v2.2.0
   Compiling icu_normalizer v2.2.0
   Compiling icu_properties v2.2.0
   Compiling lopdf v0.42.0
   Compiling aes-gcm v0.10.3
   Compiling zstd v0.13.3
   Compiling ecdsa v0.16.9
   Compiling primeorder v0.13.6
   Compiling voprf v0.5.0
   Compiling askama_macros v0.16.0
   Compiling tantivy-sstable v0.7.0
   Compiling idna_adapter v1.2.2
   Compiling p256 v0.13.2
   Compiling p384 v0.13.1
   Compiling idna v1.1.0
   Compiling tokio-util v0.7.18
   Compiling aws-smithy-async v1.2.14
   Compiling tower v0.5.3
   Compiling async-compression v0.4.42
   Compiling tokio-rustls v0.24.1
   Compiling tokio-tungstenite v0.28.0
   Compiling tantivy-columnar v0.7.0
   Compiling opaque-ke v3.0.0
   Compiling url v2.5.8
   Compiling jsonwebtoken v10.4.0
   Compiling askama v0.16.0
   Compiling sqlx-core v0.8.6
   Compiling aws-smithy-types v1.5.0
   Compiling h2 v0.4.16
   Compiling h2 v0.3.27
   Compiling async_zip v0.0.18
   Compiling tower-http v0.6.11
   Compiling tantivy v0.26.1
   Compiling fastcdc v4.0.1
   Compiling pdf-extract v0.12.0
   Compiling aws-smithy-runtime-api v1.12.3
   Compiling aws-smithy-eventstream v0.60.21
   Compiling aws-smithy-schema v0.1.0
   Compiling aws-smithy-http v0.63.6
   Compiling aws-credential-types v1.2.14
   Compiling aws-smithy-observability v0.2.6
   Compiling sqlx-postgres v0.8.6
   Compiling aws-sigv4 v1.4.5
   Compiling aws-smithy-checksums v0.64.8
   Compiling aws-smithy-json v0.62.7
   Compiling hyper v0.14.32
   Compiling hyper v1.9.0
   Compiling hyper-util v0.1.20
   Compiling sqlx-macros-core v0.8.6
   Compiling hyper-rustls v0.24.2
   Compiling axum v0.8.8
   Compiling sqlx-macros v0.8.6
   Compiling tokio-rustls v0.26.4
   Compiling hyper-rustls v0.27.9
   Compiling lettre v0.11.22
   Compiling reqwest v0.12.28
   Compiling aws-smithy-http-client v1.1.12
   Compiling aws-smithy-runtime v1.11.3
   Compiling azure_svc_blobstorage v0.21.0
   Compiling azure_storage v0.21.0
   Compiling aws-runtime v1.7.5
   Compiling sqlx v0.8.6
   Compiling aws-sdk-s3 v1.136.0
   Compiling azure_storage_blobs v0.21.0
   Compiling oxicloud-difftest v0.1.0 (/home/ht2673/Dev/h5i-app-bench/ports/oxicloud/difftest)
    Finished `release` profile [optimized] target(s) in 4m 51s
     Running unittests src/lib.rs (ports/oxicloud/difftest/target/release/deps/oxicloud_difftest-3696f7e5b2025930)

running 13 tests
test endpoints::endpoints_agree ... {
    "create Err(AccessDenied)": 26,
    "create Err(InvalidInput)": 1,
    "create Err(NotFound)": 167,
    "create Err(OperationNotSupported)": 7,
    "create Ok(())": 9,
    "revoke Err(AccessDenied)": 20,
    "revoke Err(NotFound)": 109,
    "revoke Ok(())": 64,
    "set Err(AccessDenied)": 34,
    "set Err(NotFound)": 154,
    "set Ok(())": 9,
}
ok
test props::create_needs_share ... ok
test props::create_respects_sharing_policies ... ok
test props::drive_keeps_an_owner ... ok
test props::expired_grants_ignored ... ok
test props::failed_write_changes_nothing ... ok
test props::fewer_grants_allow_no_more ... ok
test props::personal_drive_members_fixed ... ok
test props::read_only_blocks_mutations ... ok
test props::role_expansion_is_monotone ... ok
test props::share_needs_owner ... ok
test props::token_needs_its_own_grant ... ok
test tests::check_agrees ... allowed 1257, denied 8743
ok

test result: ok. 13 passed; 0 failed; 0 ignored; 0 measured; 0 filtered out; finished in 201.02s

   Doc-tests oxicloud_difftest

running 0 tests

test result: ok. 0 passed; 0 failed; 0 ignored; 0 measured; 0 filtered out; finished in 0.00s

