   Compiling rustfs-difftest v0.1.0 (/home/ht2673/Dev/h5i-app-bench/ports/rustfs/difftest)
error[E0433]: cannot find module or crate `test_case` in this scope
   --> src/bin/../../../upstream-src/crates/policy/src/policy/utils/path.rs:118:7
    |
118 |     #[test_case::test_case("", "."; "1")]
    |       ^^^^^^^^^ use of unresolved module or unlinked crate `test_case`

error[E0433]: cannot find module or crate `test_case` in this scope
   --> src/bin/../../../upstream-src/crates/policy/src/policy/utils/path.rs:119:7
    |
119 |     #[test_case::test_case("abc", "abc"; "2")]
    |       ^^^^^^^^^ use of unresolved module or unlinked crate `test_case`

error[E0433]: cannot find module or crate `test_case` in this scope
   --> src/bin/../../../upstream-src/crates/policy/src/policy/utils/path.rs:120:7
    |
120 |     #[test_case::test_case("abc/def", "abc/def"; "3")]
    |       ^^^^^^^^^ use of unresolved module or unlinked crate `test_case`

error[E0433]: cannot find module or crate `test_case` in this scope
   --> src/bin/../../../upstream-src/crates/policy/src/policy/utils/path.rs:121:7
    |
121 |     #[test_case::test_case("a/b/c", "a/b/c"; "4")]
    |       ^^^^^^^^^ use of unresolved module or unlinked crate `test_case`

error[E0433]: cannot find module or crate `test_case` in this scope
   --> src/bin/../../../upstream-src/crates/policy/src/policy/utils/path.rs:122:7
    |
122 |     #[test_case::test_case(".", "."; "5")]
    |       ^^^^^^^^^ use of unresolved module or unlinked crate `test_case`

error[E0433]: cannot find module or crate `test_case` in this scope
   --> src/bin/../../../upstream-src/crates/policy/src/policy/utils/path.rs:123:7
    |
123 |     #[test_case::test_case("..", ".."; "6")]
    |       ^^^^^^^^^ use of unresolved module or unlinked crate `test_case`

error[E0433]: cannot find module or crate `test_case` in this scope
   --> src/bin/../../../upstream-src/crates/policy/src/policy/utils/path.rs:124:7
    |
124 |     #[test_case::test_case("../..", "../.."; "7")]
    |       ^^^^^^^^^ use of unresolved module or unlinked crate `test_case`

error[E0433]: cannot find module or crate `test_case` in this scope
   --> src/bin/../../../upstream-src/crates/policy/src/policy/utils/path.rs:125:7
    |
125 |     #[test_case::test_case("../../abc", "../../abc"; "8")]
    |       ^^^^^^^^^ use of unresolved module or unlinked crate `test_case`

error[E0433]: cannot find module or crate `test_case` in this scope
   --> src/bin/../../../upstream-src/crates/policy/src/policy/utils/path.rs:126:7
    |
126 |     #[test_case::test_case("/abc", "/abc"; "9")]
    |       ^^^^^^^^^ use of unresolved module or unlinked crate `test_case`

error[E0433]: cannot find module or crate `test_case` in this scope
   --> src/bin/../../../upstream-src/crates/policy/src/policy/utils/path.rs:127:7
    |
127 |     #[test_case::test_case("/", "/"; "10")]
    |       ^^^^^^^^^ use of unresolved module or unlinked crate `test_case`

error[E0433]: cannot find module or crate `test_case` in this scope
   --> src/bin/../../../upstream-src/crates/policy/src/policy/utils/path.rs:128:7
    |
128 |     #[test_case::test_case("abc/", "abc"; "11")]
    |       ^^^^^^^^^ use of unresolved module or unlinked crate `test_case`

error[E0433]: cannot find module or crate `test_case` in this scope
   --> src/bin/../../../upstream-src/crates/policy/src/policy/utils/path.rs:129:7
    |
129 |     #[test_case::test_case("abc/def/", "abc/def"; "12")]
    |       ^^^^^^^^^ use of unresolved module or unlinked crate `test_case`

error[E0433]: cannot find module or crate `test_case` in this scope
   --> src/bin/../../../upstream-src/crates/policy/src/policy/utils/path.rs:130:7
    |
130 |     #[test_case::test_case("a/b/c/", "a/b/c"; "13")]
    |       ^^^^^^^^^ use of unresolved module or unlinked crate `test_case`

error[E0433]: cannot find module or crate `test_case` in this scope
   --> src/bin/../../../upstream-src/crates/policy/src/policy/utils/path.rs:131:7
    |
131 |     #[test_case::test_case("./", "."; "14")]
    |       ^^^^^^^^^ use of unresolved module or unlinked crate `test_case`

error[E0433]: cannot find module or crate `test_case` in this scope
   --> src/bin/../../../upstream-src/crates/policy/src/policy/utils/path.rs:132:7
    |
132 |     #[test_case::test_case("../", ".."; "15")]
    |       ^^^^^^^^^ use of unresolved module or unlinked crate `test_case`

error[E0433]: cannot find module or crate `test_case` in this scope
   --> src/bin/../../../upstream-src/crates/policy/src/policy/utils/path.rs:133:7
    |
133 |     #[test_case::test_case("../../", "../.."; "16")]
    |       ^^^^^^^^^ use of unresolved module or unlinked crate `test_case`

error[E0433]: cannot find module or crate `test_case` in this scope
   --> src/bin/../../../upstream-src/crates/policy/src/policy/utils/path.rs:134:7
    |
134 |     #[test_case::test_case("/abc/", "/abc"; "17")]
    |       ^^^^^^^^^ use of unresolved module or unlinked crate `test_case`

error[E0433]: cannot find module or crate `test_case` in this scope
   --> src/bin/../../../upstream-src/crates/policy/src/policy/utils/path.rs:135:7
    |
135 |     #[test_case::test_case("abc//def//ghi", "abc/def/ghi"; "18")]
    |       ^^^^^^^^^ use of unresolved module or unlinked crate `test_case`

error[E0433]: cannot find module or crate `test_case` in this scope
   --> src/bin/../../../upstream-src/crates/policy/src/policy/utils/path.rs:136:7
    |
136 |     #[test_case::test_case("//abc", "/abc"; "19")]
    |       ^^^^^^^^^ use of unresolved module or unlinked crate `test_case`

error[E0433]: cannot find module or crate `test_case` in this scope
   --> src/bin/../../../upstream-src/crates/policy/src/policy/utils/path.rs:137:7
    |
137 |     #[test_case::test_case("///abc", "/abc"; "20")]
    |       ^^^^^^^^^ use of unresolved module or unlinked crate `test_case`

error[E0433]: cannot find module or crate `test_case` in this scope
   --> src/bin/../../../upstream-src/crates/policy/src/policy/utils/path.rs:138:7
    |
138 |     #[test_case::test_case("//abc//", "/abc"; "21")]
    |       ^^^^^^^^^ use of unresolved module or unlinked crate `test_case`

error[E0433]: cannot find module or crate `test_case` in this scope
   --> src/bin/../../../upstream-src/crates/policy/src/policy/utils/path.rs:139:7
    |
139 |     #[test_case::test_case("abc//", "abc"; "22")]
    |       ^^^^^^^^^ use of unresolved module or unlinked crate `test_case`

error[E0433]: cannot find module or crate `test_case` in this scope
   --> src/bin/../../../upstream-src/crates/policy/src/policy/utils/path.rs:140:7
    |
140 |     #[test_case::test_case("abc/./def", "abc/def"; "23")]
    |       ^^^^^^^^^ use of unresolved module or unlinked crate `test_case`

error[E0433]: cannot find module or crate `test_case` in this scope
   --> src/bin/../../../upstream-src/crates/policy/src/policy/utils/path.rs:141:7
    |
141 |     #[test_case::test_case("/./abc/def", "/abc/def"; "24")]
    |       ^^^^^^^^^ use of unresolved module or unlinked crate `test_case`

error[E0433]: cannot find module or crate `test_case` in this scope
   --> src/bin/../../../upstream-src/crates/policy/src/policy/utils/path.rs:142:7
    |
142 |     #[test_case::test_case("abc/.", "abc"; "25")]
    |       ^^^^^^^^^ use of unresolved module or unlinked crate `test_case`

error[E0433]: cannot find module or crate `test_case` in this scope
   --> src/bin/../../../upstream-src/crates/policy/src/policy/utils/path.rs:143:7
    |
143 |     #[test_case::test_case("abc/def/ghi/../jkl", "abc/def/jkl"; "26")]
    |       ^^^^^^^^^ use of unresolved module or unlinked crate `test_case`

error[E0433]: cannot find module or crate `test_case` in this scope
   --> src/bin/../../../upstream-src/crates/policy/src/policy/utils/path.rs:144:7
    |
144 |     #[test_case::test_case("abc/def/../ghi/../jkl", "abc/jkl"; "27")]
    |       ^^^^^^^^^ use of unresolved module or unlinked crate `test_case`

error[E0433]: cannot find module or crate `test_case` in this scope
   --> src/bin/../../../upstream-src/crates/policy/src/policy/utils/path.rs:145:7
    |
145 |     #[test_case::test_case("abc/def/..", "abc"; "28")]
    |       ^^^^^^^^^ use of unresolved module or unlinked crate `test_case`

error[E0433]: cannot find module or crate `test_case` in this scope
   --> src/bin/../../../upstream-src/crates/policy/src/policy/utils/path.rs:146:7
    |
146 |     #[test_case::test_case("abc/def/../..", "."; "29")]
    |       ^^^^^^^^^ use of unresolved module or unlinked crate `test_case`

error[E0433]: cannot find module or crate `test_case` in this scope
   --> src/bin/../../../upstream-src/crates/policy/src/policy/utils/path.rs:147:7
    |
147 |     #[test_case::test_case("/abc/def/../..", "/"; "30")]
    |       ^^^^^^^^^ use of unresolved module or unlinked crate `test_case`

error[E0433]: cannot find module or crate `test_case` in this scope
   --> src/bin/../../../upstream-src/crates/policy/src/policy/utils/path.rs:148:7
    |
148 |     #[test_case::test_case("abc/def/../../..", ".."; "31")]
    |       ^^^^^^^^^ use of unresolved module or unlinked crate `test_case`

error[E0433]: cannot find module or crate `test_case` in this scope
   --> src/bin/../../../upstream-src/crates/policy/src/policy/utils/path.rs:149:7
    |
149 |     #[test_case::test_case("/abc/def/../../..", "/"; "32")]
    |       ^^^^^^^^^ use of unresolved module or unlinked crate `test_case`

error[E0433]: cannot find module or crate `test_case` in this scope
   --> src/bin/../../../upstream-src/crates/policy/src/policy/utils/path.rs:150:7
    |
150 |     #[test_case::test_case("abc/def/../../../ghi/jkl/../../../mno", "../../mno"; "33")]
    |       ^^^^^^^^^ use of unresolved module or unlinked crate `test_case`

error[E0433]: cannot find module or crate `test_case` in this scope
   --> src/bin/../../../upstream-src/crates/policy/src/policy/utils/path.rs:151:7
    |
151 |     #[test_case::test_case("abc/./../def", "def"; "34")]
    |       ^^^^^^^^^ use of unresolved module or unlinked crate `test_case`

error[E0433]: cannot find module or crate `test_case` in this scope
   --> src/bin/../../../upstream-src/crates/policy/src/policy/utils/path.rs:152:7
    |
152 |     #[test_case::test_case("abc//./../def", "def"; "35")]
    |       ^^^^^^^^^ use of unresolved module or unlinked crate `test_case`

error[E0433]: cannot find module or crate `test_case` in this scope
   --> src/bin/../../../upstream-src/crates/policy/src/policy/utils/path.rs:153:7
    |
153 |     #[test_case::test_case("abc/../../././../def", "../../def"; "36")]
    |       ^^^^^^^^^ use of unresolved module or unlinked crate `test_case`

error[E0433]: cannot find module or crate `test_case` in this scope
   --> src/bin/../../../upstream-src/crates/policy/src/policy/utils/wildcard.rs:107:7
    |
107 |     #[test_case::test_case("*", "s3:GetObject" => true ; "1")]
    |       ^^^^^^^^^ use of unresolved module or unlinked crate `test_case`

error[E0433]: cannot find module or crate `test_case` in this scope
   --> src/bin/../../../upstream-src/crates/policy/src/policy/utils/wildcard.rs:108:7
    |
108 |     #[test_case::test_case("", "s3:GetObject" => false ; "2")]
    |       ^^^^^^^^^ use of unresolved module or unlinked crate `test_case`

error[E0433]: cannot find module or crate `test_case` in this scope
   --> src/bin/../../../upstream-src/crates/policy/src/policy/utils/wildcard.rs:109:7
    |
109 |     #[test_case::test_case("", "" => true; "3")]
    |       ^^^^^^^^^ use of unresolved module or unlinked crate `test_case`

error[E0433]: cannot find module or crate `test_case` in this scope
   --> src/bin/../../../upstream-src/crates/policy/src/policy/utils/wildcard.rs:110:7
    |
110 |     #[test_case::test_case("s3:*", "s3:ListMultipartUploadParts" => true; "4")]
    |       ^^^^^^^^^ use of unresolved module or unlinked crate `test_case`

error[E0433]: cannot find module or crate `test_case` in this scope
   --> src/bin/../../../upstream-src/crates/policy/src/policy/utils/wildcard.rs:111:7
    |
111 |     #[test_case::test_case("s3:ListBucketMultipartUploads", "s3:ListBucket" => false; "5")]
    |       ^^^^^^^^^ use of unresolved module or unlinked crate `test_case`

error[E0433]: cannot find module or crate `test_case` in this scope
   --> src/bin/../../../upstream-src/crates/policy/src/policy/utils/wildcard.rs:112:7
    |
112 |     #[test_case::test_case("s3:ListBucket", "s3:ListBucket" => true; "6")]
    |       ^^^^^^^^^ use of unresolved module or unlinked crate `test_case`

error[E0433]: cannot find module or crate `test_case` in this scope
   --> src/bin/../../../upstream-src/crates/policy/src/policy/utils/wildcard.rs:113:7
    |
113 |     #[test_case::test_case("s3:ListBucketMultipartUploads", "s3:ListBucketMultipartUploads" => true; "7")]
    |       ^^^^^^^^^ use of unresolved module or unlinked crate `test_case`

error[E0433]: cannot find module or crate `test_case` in this scope
   --> src/bin/../../../upstream-src/crates/policy/src/policy/utils/wildcard.rs:114:7
    |
114 |     #[test_case::test_case("my-bucket/oo*", "my-bucket/oo" => true; "8")]
    |       ^^^^^^^^^ use of unresolved module or unlinked crate `test_case`

error[E0433]: cannot find module or crate `test_case` in this scope
   --> src/bin/../../../upstream-src/crates/policy/src/policy/utils/wildcard.rs:115:7
    |
115 |     #[test_case::test_case("my-bucket/In*", "my-bucket/India/Karnataka/" => true; "9")]
    |       ^^^^^^^^^ use of unresolved module or unlinked crate `test_case`

error[E0433]: cannot find module or crate `test_case` in this scope
   --> src/bin/../../../upstream-src/crates/policy/src/policy/utils/wildcard.rs:116:7
    |
116 |     #[test_case::test_case("my-bucket/In*", "my-bucket/Karnataka/India/" => false; "10")]
    |       ^^^^^^^^^ use of unresolved module or unlinked crate `test_case`

error[E0433]: cannot find module or crate `test_case` in this scope
   --> src/bin/../../../upstream-src/crates/policy/src/policy/utils/wildcard.rs:117:7
    |
117 |     #[test_case::test_case("my-bucket/In*/Ka*/Ban", "my-bucket/India/Karnataka/Ban" => true; "11")]
    |       ^^^^^^^^^ use of unresolved module or unlinked crate `test_case`

error[E0433]: cannot find module or crate `test_case` in this scope
   --> src/bin/../../../upstream-src/crates/policy/src/policy/utils/wildcard.rs:118:7
    |
118 |     #[test_case::test_case("my-bucket/In*/Ka*/Ban", "my-bucket/India/Karnataka/Ban/Ban/Ban/Ban/Ban" => true; "12")]
    |       ^^^^^^^^^ use of unresolved module or unlinked crate `test_case`

error[E0433]: cannot find module or crate `test_case` in this scope
   --> src/bin/../../../upstream-src/crates/policy/src/policy/utils/wildcard.rs:119:7
    |
119 |     #[test_case::test_case("my-bucket/In*/Ka*/Ban", "my-bucket/India/Karnataka/Area1/Area2/Area3/Ban" => true; "13")]
    |       ^^^^^^^^^ use of unresolved module or unlinked crate `test_case`

error[E0433]: cannot find module or crate `test_case` in this scope
   --> src/bin/../../../upstream-src/crates/policy/src/policy/utils/wildcard.rs:120:7
    |
120 |     #[test_case::test_case( "my-bucket/In*/Ka*/Ba", "my-bucket/India/State1/State2/Karnataka/Area1/Area2/Area3/Ban" => ignore["will...
    |       ^^^^^^^^^ use of unresolved module or unlinked crate `test_case`

error[E0433]: cannot find module or crate `test_case` in this scope
   --> src/bin/../../../upstream-src/crates/policy/src/policy/utils/wildcard.rs:121:7
    |
121 |     #[test_case::test_case("my-bucket/In*/Ka*/Ban", "my-bucket/India/Karnataka/Bangalore" => false; "15")]
    |       ^^^^^^^^^ use of unresolved module or unlinked crate `test_case`

error[E0433]: cannot find module or crate `test_case` in this scope
   --> src/bin/../../../upstream-src/crates/policy/src/policy/utils/wildcard.rs:122:7
    |
122 |     #[test_case::test_case("my-bucket/In*/Ka*/Ban*", "my-bucket/India/Karnataka/Bangalore" => true; "16")]
    |       ^^^^^^^^^ use of unresolved module or unlinked crate `test_case`

error[E0433]: cannot find module or crate `test_case` in this scope
   --> src/bin/../../../upstream-src/crates/policy/src/policy/utils/wildcard.rs:123:7
    |
123 |     #[test_case::test_case("my-bucket/*", "my-bucket/India" => true; "17")]
    |       ^^^^^^^^^ use of unresolved module or unlinked crate `test_case`

error[E0433]: cannot find module or crate `test_case` in this scope
   --> src/bin/../../../upstream-src/crates/policy/src/policy/utils/wildcard.rs:124:7
    |
124 |     #[test_case::test_case("my-bucket/oo*", "my-bucket/odo" => false; "18")]
    |       ^^^^^^^^^ use of unresolved module or unlinked crate `test_case`

error[E0433]: cannot find module or crate `test_case` in this scope
   --> src/bin/../../../upstream-src/crates/policy/src/policy/utils/wildcard.rs:125:7
    |
125 |     #[test_case::test_case("my-bucket?/abc*", "mybucket/abc" => false; "19")]
    |       ^^^^^^^^^ use of unresolved module or unlinked crate `test_case`

error[E0433]: cannot find module or crate `test_case` in this scope
   --> src/bin/../../../upstream-src/crates/policy/src/policy/utils/wildcard.rs:126:7
    |
126 |     #[test_case::test_case("my-bucket?/abc*", "my-bucket1/abc" => true; "20")]
    |       ^^^^^^^^^ use of unresolved module or unlinked crate `test_case`

error[E0433]: cannot find module or crate `test_case` in this scope
   --> src/bin/../../../upstream-src/crates/policy/src/policy/utils/wildcard.rs:127:7
    |
127 |     #[test_case::test_case("my-?-bucket/abc*", "my--bucket/abc" => false; "21")]
    |       ^^^^^^^^^ use of unresolved module or unlinked crate `test_case`

error[E0433]: cannot find module or crate `test_case` in this scope
   --> src/bin/../../../upstream-src/crates/policy/src/policy/utils/wildcard.rs:128:7
    |
128 |     #[test_case::test_case("my-?-bucket/abc*", "my-1-bucket/abc" => true; "22")]
    |       ^^^^^^^^^ use of unresolved module or unlinked crate `test_case`

error[E0433]: cannot find module or crate `test_case` in this scope
   --> src/bin/../../../upstream-src/crates/policy/src/policy/utils/wildcard.rs:129:7
    |
129 |     #[test_case::test_case("my-?-bucket/abc*", "my-k-bucket/abc" => true; "23")]
    |       ^^^^^^^^^ use of unresolved module or unlinked crate `test_case`

error[E0433]: cannot find module or crate `test_case` in this scope
   --> src/bin/../../../upstream-src/crates/policy/src/policy/utils/wildcard.rs:130:7
    |
130 |     #[test_case::test_case("my??bucket/abc*", "mybucket/abc" => false; "24")]
    |       ^^^^^^^^^ use of unresolved module or unlinked crate `test_case`

error[E0433]: cannot find module or crate `test_case` in this scope
   --> src/bin/../../../upstream-src/crates/policy/src/policy/utils/wildcard.rs:131:7
    |
131 |     #[test_case::test_case("my??bucket/abc*", "my4abucket/abc" => true; "25")]
    |       ^^^^^^^^^ use of unresolved module or unlinked crate `test_case`

error[E0433]: cannot find module or crate `test_case` in this scope
   --> src/bin/../../../upstream-src/crates/policy/src/policy/utils/wildcard.rs:132:7
    |
132 |     #[test_case::test_case("my-bucket?abc*", "my-bucket/abc" => true; "26")]
    |       ^^^^^^^^^ use of unresolved module or unlinked crate `test_case`

error[E0433]: cannot find module or crate `test_case` in this scope
   --> src/bin/../../../upstream-src/crates/policy/src/policy/utils/wildcard.rs:133:7
    |
133 |     #[test_case::test_case("my-bucket/abc?efg", "my-bucket/abcdefg" => true; "27")]
    |       ^^^^^^^^^ use of unresolved module or unlinked crate `test_case`

error[E0433]: cannot find module or crate `test_case` in this scope
   --> src/bin/../../../upstream-src/crates/policy/src/policy/utils/wildcard.rs:134:7
    |
134 |     #[test_case::test_case("my-bucket/abc?efg", "my-bucket/abc/efg" => true; "28")]
    |       ^^^^^^^^^ use of unresolved module or unlinked crate `test_case`

error[E0433]: cannot find module or crate `test_case` in this scope
   --> src/bin/../../../upstream-src/crates/policy/src/policy/utils/wildcard.rs:135:7
    |
135 |     #[test_case::test_case("my-bucket/abc????", "my-bucket/abcde" => false; "29")]
    |       ^^^^^^^^^ use of unresolved module or unlinked crate `test_case`

error[E0433]: cannot find module or crate `test_case` in this scope
   --> src/bin/../../../upstream-src/crates/policy/src/policy/utils/wildcard.rs:136:7
    |
136 |     #[test_case::test_case("my-bucket/abc????", "my-bucket/abcdefg" => true; "30")]
    |       ^^^^^^^^^ use of unresolved module or unlinked crate `test_case`

error[E0433]: cannot find module or crate `test_case` in this scope
   --> src/bin/../../../upstream-src/crates/policy/src/policy/utils/wildcard.rs:137:7
    |
137 |     #[test_case::test_case("my-bucket/abc?", "my-bucket/abc" => false; "31")]
    |       ^^^^^^^^^ use of unresolved module or unlinked crate `test_case`

error[E0433]: cannot find module or crate `test_case` in this scope
   --> src/bin/../../../upstream-src/crates/policy/src/policy/utils/wildcard.rs:138:7
    |
138 |     #[test_case::test_case("my-bucket/abc?", "my-bucket/abcd" => true; "32")]
    |       ^^^^^^^^^ use of unresolved module or unlinked crate `test_case`

error[E0433]: cannot find module or crate `test_case` in this scope
   --> src/bin/../../../upstream-src/crates/policy/src/policy/utils/wildcard.rs:139:7
    |
139 |     #[test_case::test_case("my-bucket/abc?", "my-bucket/abcde" => false; "33")]
    |       ^^^^^^^^^ use of unresolved module or unlinked crate `test_case`

error[E0433]: cannot find module or crate `test_case` in this scope
   --> src/bin/../../../upstream-src/crates/policy/src/policy/utils/wildcard.rs:140:7
    |
140 |     #[test_case::test_case("my-bucket/mnop*?", "my-bucket/mnop" => false; "34")]
    |       ^^^^^^^^^ use of unresolved module or unlinked crate `test_case`

error[E0433]: cannot find module or crate `test_case` in this scope
   --> src/bin/../../../upstream-src/crates/policy/src/policy/utils/wildcard.rs:141:7
    |
141 |     #[test_case::test_case("my-bucket/mnop*?", "my-bucket/mnopqrst/mnopqr" => true; "35")]
    |       ^^^^^^^^^ use of unresolved module or unlinked crate `test_case`

error[E0433]: cannot find module or crate `test_case` in this scope
   --> src/bin/../../../upstream-src/crates/policy/src/policy/utils/wildcard.rs:142:7
    |
142 |     #[test_case::test_case("my-bucket/mnop*?", "my-bucket/mnopqrst/mnopqrs" => true; "36")]
    |       ^^^^^^^^^ use of unresolved module or unlinked crate `test_case`

error[E0433]: cannot find module or crate `test_case` in this scope
   --> src/bin/../../../upstream-src/crates/policy/src/policy/utils/wildcard.rs:143:7
    |
143 |     #[test_case::test_case("my-bucket/mnop*?", "my-bucket/mnop" => false; "37")]
    |       ^^^^^^^^^ use of unresolved module or unlinked crate `test_case`

error[E0433]: cannot find module or crate `test_case` in this scope
   --> src/bin/../../../upstream-src/crates/policy/src/policy/utils/wildcard.rs:144:7
    |
144 |     #[test_case::test_case("my-bucket/mnop*?", "my-bucket/mnopq" => true; "38")]
    |       ^^^^^^^^^ use of unresolved module or unlinked crate `test_case`

error[E0433]: cannot find module or crate `test_case` in this scope
   --> src/bin/../../../upstream-src/crates/policy/src/policy/utils/wildcard.rs:145:7
    |
145 |     #[test_case::test_case("my-bucket/mnop*?", "my-bucket/mnopqr" => true; "39")]
    |       ^^^^^^^^^ use of unresolved module or unlinked crate `test_case`

error[E0433]: cannot find module or crate `test_case` in this scope
   --> src/bin/../../../upstream-src/crates/policy/src/policy/utils/wildcard.rs:146:7
    |
146 |     #[test_case::test_case("my-bucket/mnop*?and", "my-bucket/mnopqand" => true; "40")]
    |       ^^^^^^^^^ use of unresolved module or unlinked crate `test_case`

error[E0433]: cannot find module or crate `test_case` in this scope
   --> src/bin/../../../upstream-src/crates/policy/src/policy/utils/wildcard.rs:147:7
    |
147 |     #[test_case::test_case("my-bucket/mnop*?and", "my-bucket/mnopand" => false; "41")]
    |       ^^^^^^^^^ use of unresolved module or unlinked crate `test_case`

error[E0433]: cannot find module or crate `test_case` in this scope
   --> src/bin/../../../upstream-src/crates/policy/src/policy/utils/wildcard.rs:148:7
    |
148 |     #[test_case::test_case("my-bucket/mnop*?and", "my-bucket/mnopqand" => true; "42")]
    |       ^^^^^^^^^ use of unresolved module or unlinked crate `test_case`

error[E0433]: cannot find module or crate `test_case` in this scope
   --> src/bin/../../../upstream-src/crates/policy/src/policy/utils/wildcard.rs:149:7
    |
149 |     #[test_case::test_case("my-bucket/mnop*?", "my-bucket/mn" => false; "43")]
    |       ^^^^^^^^^ use of unresolved module or unlinked crate `test_case`

error[E0433]: cannot find module or crate `test_case` in this scope
   --> src/bin/../../../upstream-src/crates/policy/src/policy/utils/wildcard.rs:150:7
    |
150 |     #[test_case::test_case("my-bucket/mnop*?", "my-bucket/mnopqrst/mnopqrs" => true; "44")]
    |       ^^^^^^^^^ use of unresolved module or unlinked crate `test_case`

error[E0433]: cannot find module or crate `test_case` in this scope
   --> src/bin/../../../upstream-src/crates/policy/src/policy/utils/wildcard.rs:151:7
    |
151 |     #[test_case::test_case("my-bucket/mnop*??", "my-bucket/mnopqrst" => true; "45")]
    |       ^^^^^^^^^ use of unresolved module or unlinked crate `test_case`

error[E0433]: cannot find module or crate `test_case` in this scope
   --> src/bin/../../../upstream-src/crates/policy/src/policy/utils/wildcard.rs:152:7
    |
152 |     #[test_case::test_case("my-bucket/mnop*qrst", "my-bucket/mnopabcdegqrst" => true; "46")]
    |       ^^^^^^^^^ use of unresolved module or unlinked crate `test_case`

error[E0433]: cannot find module or crate `test_case` in this scope
   --> src/bin/../../../upstream-src/crates/policy/src/policy/utils/wildcard.rs:153:7
    |
153 |     #[test_case::test_case("my-bucket/mnop*?and", "my-bucket/mnopqand" => true; "47")]
    |       ^^^^^^^^^ use of unresolved module or unlinked crate `test_case`

error[E0433]: cannot find module or crate `test_case` in this scope
   --> src/bin/../../../upstream-src/crates/policy/src/policy/utils/wildcard.rs:154:7
    |
154 |     #[test_case::test_case("my-bucket/mnop*?and", "my-bucket/mnopand" => false; "48")]
    |       ^^^^^^^^^ use of unresolved module or unlinked crate `test_case`

error[E0433]: cannot find module or crate `test_case` in this scope
   --> src/bin/../../../upstream-src/crates/policy/src/policy/utils/wildcard.rs:155:7
    |
155 |     #[test_case::test_case("my-bucket/mnop*?and?", "my-bucket/mnopqanda" => true; "49")]
    |       ^^^^^^^^^ use of unresolved module or unlinked crate `test_case`

error[E0433]: cannot find module or crate `test_case` in this scope
   --> src/bin/../../../upstream-src/crates/policy/src/policy/utils/wildcard.rs:156:7
    |
156 |     #[test_case::test_case("my-bucket/mnop*?and", "my-bucket/mnopqanda" => false; "50")]
    |       ^^^^^^^^^ use of unresolved module or unlinked crate `test_case`

error[E0433]: cannot find module or crate `test_case` in this scope
   --> src/bin/../../../upstream-src/crates/policy/src/policy/utils/wildcard.rs:157:7
    |
157 |     #[test_case::test_case("my-?-bucket/abc*", "my-bucket/mnopqanda" => false; "51")]
    |       ^^^^^^^^^ use of unresolved module or unlinked crate `test_case`

error[E0433]: cannot find module or crate `test_case` in this scope
   --> src/bin/../../../upstream-src/crates/policy/src/policy/utils/wildcard.rs:158:7
    |
158 |     #[test_case::test_case("a?", "a" => false; "52")]
    |       ^^^^^^^^^ use of unresolved module or unlinked crate `test_case`

error[E0433]: cannot find module or crate `test_case` in this scope
   --> src/bin/../../../upstream-src/crates/policy/src/policy/utils/wildcard.rs:159:7
    |
159 |     #[test_case::test_case("*", "mybucket/myobject" => true; "53")]
    |       ^^^^^^^^^ use of unresolved module or unlinked crate `test_case`

error[E0433]: cannot find module or crate `test_case` in this scope
   --> src/bin/../../../upstream-src/crates/policy/src/policy/utils/wildcard.rs:164:7
    |
164 |     #[test_case::test_case("*", "s3:GetObject" => true ; "1")]
    |       ^^^^^^^^^ use of unresolved module or unlinked crate `test_case`

error[E0433]: cannot find module or crate `test_case` in this scope
   --> src/bin/../../../upstream-src/crates/policy/src/policy/utils/wildcard.rs:165:7
    |
165 |     #[test_case::test_case("", "s3:GetObject" => false ; "2")]
    |       ^^^^^^^^^ use of unresolved module or unlinked crate `test_case`

error[E0433]: cannot find module or crate `test_case` in this scope
   --> src/bin/../../../upstream-src/crates/policy/src/policy/utils/wildcard.rs:166:7
    |
166 |     #[test_case::test_case("", "" => true ; "3")]
    |       ^^^^^^^^^ use of unresolved module or unlinked crate `test_case`

error[E0433]: cannot find module or crate `test_case` in this scope
   --> src/bin/../../../upstream-src/crates/policy/src/policy/utils/wildcard.rs:167:7
    |
167 |     #[test_case::test_case("s3:*", "s3:ListMultipartUploadParts" => true ; "4")]
    |       ^^^^^^^^^ use of unresolved module or unlinked crate `test_case`

error[E0433]: cannot find module or crate `test_case` in this scope
   --> src/bin/../../../upstream-src/crates/policy/src/policy/utils/wildcard.rs:168:7
    |
168 |     #[test_case::test_case("s3:ListBucketMultipartUploads", "s3:ListBucket" => false ; "5")]
    |       ^^^^^^^^^ use of unresolved module or unlinked crate `test_case`

error[E0433]: cannot find module or crate `test_case` in this scope
   --> src/bin/../../../upstream-src/crates/policy/src/policy/utils/wildcard.rs:169:7
    |
169 |     #[test_case::test_case("s3:ListBucket", "s3:ListBucket" => true ; "6")]
    |       ^^^^^^^^^ use of unresolved module or unlinked crate `test_case`

error[E0433]: cannot find module or crate `test_case` in this scope
   --> src/bin/../../../upstream-src/crates/policy/src/policy/utils/wildcard.rs:170:7
    |
170 |     #[test_case::test_case("s3:ListBucketMultipartUploads", "s3:ListBucketMultipartUploads" => true ; "7")]
    |       ^^^^^^^^^ use of unresolved module or unlinked crate `test_case`

error[E0433]: cannot find module or crate `test_case` in this scope
   --> src/bin/../../../upstream-src/crates/policy/src/policy/utils/wildcard.rs:171:7
    |
171 |     #[test_case::test_case("my-bucket/oo*", "my-bucket/oo" => true ; "8")]
    |       ^^^^^^^^^ use of unresolved module or unlinked crate `test_case`

error[E0433]: cannot find module or crate `test_case` in this scope
   --> src/bin/../../../upstream-src/crates/policy/src/policy/utils/wildcard.rs:172:7
    |
172 |     #[test_case::test_case("my-bucket/In*", "my-bucket/India/Karnataka/" => true ; "9")]
    |       ^^^^^^^^^ use of unresolved module or unlinked crate `test_case`

error[E0433]: cannot find module or crate `test_case` in this scope
   --> src/bin/../../../upstream-src/crates/policy/src/policy/utils/wildcard.rs:173:7
    |
173 |     #[test_case::test_case("my-bucket/In*", "my-bucket/Karnataka/India/" => false ; "10")]
    |       ^^^^^^^^^ use of unresolved module or unlinked crate `test_case`

error[E0433]: cannot find module or crate `test_case` in this scope
   --> src/bin/../../../upstream-src/crates/policy/src/policy/utils/wildcard.rs:174:7
    |
174 |     #[test_case::test_case("my-bucket/In*/Ka*/Ban", "my-bucket/India/Karnataka/Ban" => true ; "11")]
    |       ^^^^^^^^^ use of unresolved module or unlinked crate `test_case`

error[E0433]: cannot find module or crate `test_case` in this scope
   --> src/bin/../../../upstream-src/crates/policy/src/policy/utils/wildcard.rs:175:7
    |
175 |     #[test_case::test_case("my-bucket/In*/Ka*/Ban", "my-bucket/India/Karnataka/Ban/Ban/Ban/Ban/Ban" => true ; "12")]
    |       ^^^^^^^^^ use of unresolved module or unlinked crate `test_case`

error[E0433]: cannot find module or crate `test_case` in this scope
   --> src/bin/../../../upstream-src/crates/policy/src/policy/utils/wildcard.rs:176:7
    |
176 |     #[test_case::test_case("my-bucket/In*/Ka*/Ban", "my-bucket/India/Karnataka/Area1/Area2/Area3/Ban" => true ; "13")]
    |       ^^^^^^^^^ use of unresolved module or unlinked crate `test_case`

error[E0433]: cannot find module or crate `test_case` in this scope
   --> src/bin/../../../upstream-src/crates/policy/src/policy/utils/wildcard.rs:177:7
    |
177 |     #[test_case::test_case("my-bucket/In*/Ka*/Ban", "my-bucket/India/State1/State2/Karnataka/Area1/Area2/Area3/Ban" => true ; "14")]
    |       ^^^^^^^^^ use of unresolved module or unlinked crate `test_case`

error[E0433]: cannot find module or crate `test_case` in this scope
   --> src/bin/../../../upstream-src/crates/policy/src/policy/utils/wildcard.rs:178:7
    |
178 |     #[test_case::test_case("my-bucket/In*/Ka*/Ban", "my-bucket/India/Karnataka/Bangalore" => false ; "15")]
    |       ^^^^^^^^^ use of unresolved module or unlinked crate `test_case`

error[E0433]: cannot find module or crate `test_case` in this scope
   --> src/bin/../../../upstream-src/crates/policy/src/policy/utils/wildcard.rs:179:7
    |
179 |     #[test_case::test_case("my-bucket/In*/Ka*/Ban*", "my-bucket/India/Karnataka/Bangalore" => true ; "16")]
    |       ^^^^^^^^^ use of unresolved module or unlinked crate `test_case`

error[E0433]: cannot find module or crate `test_case` in this scope
   --> src/bin/../../../upstream-src/crates/policy/src/policy/utils/wildcard.rs:180:7
    |
180 |     #[test_case::test_case("my-bucket/*", "my-bucket/India" => true ; "17")]
    |       ^^^^^^^^^ use of unresolved module or unlinked crate `test_case`

error[E0433]: cannot find module or crate `test_case` in this scope
   --> src/bin/../../../upstream-src/crates/policy/src/policy/utils/wildcard.rs:181:7
    |
181 |     #[test_case::test_case("my-bucket/oo*", "my-bucket/odo" => false ; "18")]
    |       ^^^^^^^^^ use of unresolved module or unlinked crate `test_case`

error[E0433]: cannot find module or crate `test_case` in this scope
   --> src/bin/../../../upstream-src/crates/policy/src/policy/utils/wildcard.rs:182:7
    |
182 |     #[test_case::test_case("my-bucket/oo?*", "my-bucket/oo???" => true ; "19")]
    |       ^^^^^^^^^ use of unresolved module or unlinked crate `test_case`

error[E0433]: cannot find module or crate `test_case` in this scope
   --> src/bin/../../../upstream-src/crates/policy/src/policy/utils/wildcard.rs:183:7
    |
183 |     #[test_case::test_case("my-bucket/oo??*", "my-bucket/odo" => false ; "20")]
    |       ^^^^^^^^^ use of unresolved module or unlinked crate `test_case`

error[E0433]: cannot find module or crate `test_case` in this scope
   --> src/bin/../../../upstream-src/crates/policy/src/policy/utils/wildcard.rs:184:7
    |
184 |     #[test_case::test_case("?h?*", "?h?hello" => true ; "21")]
    |       ^^^^^^^^^ use of unresolved module or unlinked crate `test_case`

error[E0433]: cannot find module or crate `test_case` in this scope
   --> src/bin/../../../upstream-src/crates/policy/src/policy/utils/wildcard.rs:185:7
    |
185 |     #[test_case::test_case("a?", "a" => true ; "22")]
    |       ^^^^^^^^^ use of unresolved module or unlinked crate `test_case`

error[E0433]: cannot find module or crate `test_case` in this scope
   --> src/bin/../../../upstream-src/crates/policy/src/policy/utils/wildcard.rs:190:7
    |
190 |     #[test_case::test_case("", "" => true ; "1")]
    |       ^^^^^^^^^ use of unresolved module or unlinked crate `test_case`

error[E0433]: cannot find module or crate `test_case` in this scope
   --> src/bin/../../../upstream-src/crates/policy/src/policy/utils/wildcard.rs:191:7
    |
191 |     #[test_case::test_case("a", "" => true ; "2")]
    |       ^^^^^^^^^ use of unresolved module or unlinked crate `test_case`

error[E0433]: cannot find module or crate `test_case` in this scope
   --> src/bin/../../../upstream-src/crates/policy/src/policy/utils/wildcard.rs:192:7
    |
192 |     #[test_case::test_case("a", "b" => false ; "3")]
    |       ^^^^^^^^^ use of unresolved module or unlinked crate `test_case`

error[E0433]: cannot find module or crate `test_case` in this scope
   --> src/bin/../../../upstream-src/crates/policy/src/policy/utils/wildcard.rs:193:7
    |
193 |     #[test_case::test_case("abc", "ab" => true ; "4")]
    |       ^^^^^^^^^ use of unresolved module or unlinked crate `test_case`

error[E0433]: cannot find module or crate `test_case` in this scope
   --> src/bin/../../../upstream-src/crates/policy/src/policy/utils/wildcard.rs:194:7
    |
194 |     #[test_case::test_case("ab*", "ab" => true ; "5")]
    |       ^^^^^^^^^ use of unresolved module or unlinked crate `test_case`

error[E0433]: cannot find module or crate `test_case` in this scope
   --> src/bin/../../../upstream-src/crates/policy/src/policy/utils/wildcard.rs:195:7
    |
195 |     #[test_case::test_case("abc*", "ab" => true ; "6")]
    |       ^^^^^^^^^ use of unresolved module or unlinked crate `test_case`

error[E0433]: cannot find module or crate `test_case` in this scope
   --> src/bin/../../../upstream-src/crates/policy/src/policy/utils/wildcard.rs:196:7
    |
196 |     #[test_case::test_case("abc?", "ab" => true ; "7")]
    |       ^^^^^^^^^ use of unresolved module or unlinked crate `test_case`

error[E0433]: cannot find module or crate `test_case` in this scope
   --> src/bin/../../../upstream-src/crates/policy/src/policy/utils/wildcard.rs:197:7
    |
197 |     #[test_case::test_case("abc*", "abd" => false ; "8")]
    |       ^^^^^^^^^ use of unresolved module or unlinked crate `test_case`

error[E0433]: cannot find module or crate `test_case` in this scope
   --> src/bin/../../../upstream-src/crates/policy/src/policy/utils/wildcard.rs:198:7
    |
198 |     #[test_case::test_case("abc*c", "abcd" => true ; "9")]
    |       ^^^^^^^^^ use of unresolved module or unlinked crate `test_case`

error[E0433]: cannot find module or crate `test_case` in this scope
   --> src/bin/../../../upstream-src/crates/policy/src/policy/utils/wildcard.rs:199:7
    |
199 |     #[test_case::test_case("ab*??d", "abxxc" => true ; "10")]
    |       ^^^^^^^^^ use of unresolved module or unlinked crate `test_case`

error[E0433]: cannot find module or crate `test_case` in this scope
   --> src/bin/../../../upstream-src/crates/policy/src/policy/utils/wildcard.rs:200:7
    |
200 |     #[test_case::test_case("ab*??", "abxc" => true ; "11")]
    |       ^^^^^^^^^ use of unresolved module or unlinked crate `test_case`

error[E0433]: cannot find module or crate `test_case` in this scope
   --> src/bin/../../../upstream-src/crates/policy/src/policy/utils/wildcard.rs:201:7
    |
201 |     #[test_case::test_case("ab??", "abxc" => true ; "12")]
    |       ^^^^^^^^^ use of unresolved module or unlinked crate `test_case`

error[E0433]: cannot find module or crate `test_case` in this scope
   --> src/bin/../../../upstream-src/crates/policy/src/policy/utils/wildcard.rs:202:7
    |
202 |     #[test_case::test_case("ab??", "abx" => true ; "13")]
    |       ^^^^^^^^^ use of unresolved module or unlinked crate `test_case`

error[E0433]: cannot find module or crate `test_case` in this scope
   --> src/bin/../../../upstream-src/crates/policy/src/policy/utils/wildcard.rs:203:7
    |
203 |     #[test_case::test_case("ab??d", "abcxd" => true ; "14")]
    |       ^^^^^^^^^ use of unresolved module or unlinked crate `test_case`

error[E0433]: cannot find module or crate `test_case` in this scope
   --> src/bin/../../../upstream-src/crates/policy/src/policy/utils/wildcard.rs:204:7
    |
204 |     #[test_case::test_case("ab??d", "abcxdd" => false ; "15")]
    |       ^^^^^^^^^ use of unresolved module or unlinked crate `test_case`

error[E0433]: cannot find module or crate `test_case` in this scope
   --> src/bin/../../../upstream-src/crates/policy/src/policy/utils/wildcard.rs:205:7
    |
205 |     #[test_case::test_case("", "b" => false ; "16")]
    |       ^^^^^^^^^ use of unresolved module or unlinked crate `test_case`

For more information about this error, try `rustc --explain E0433`.
error: could not compile `rustfs-difftest` (bin "performance" test) due to 127 previous errors
