
$ lake build
⚠ [146/232] Replayed Aeneas.Std.WP
warning: Aeneas/Std/WP.lean:756:4: 'simp -failIfUnchanged only' tactic does nothing

Note: This linter can be disabled with `set_option linter.unusedTactic false`
warning: Aeneas/Std/WP.lean:761:4: 'simp -failIfUnchanged only' tactic does nothing

Note: This linter can be disabled with `set_option linter.unusedTactic false`
warning: Aeneas/Std/WP.lean:896:11: 'cases i' tactic does nothing

Note: This linter can be disabled with `set_option linter.unusedTactic false`
warning: Aeneas/Std/WP.lean:896:23: 'simp' tactic does nothing

Note: This linter can be disabled with `set_option linter.unusedTactic false`
warning: Aeneas/Std/WP.lean:927:19: 'simp at hspec' tactic does nothing

Note: This linter can be disabled with `set_option linter.unusedTactic false`
⚠ [1264/1341] Replayed Aeneas.Std.Core.Core
warning: Aeneas/Std/Core/Core.lean:38:4: The namespace 'core' is duplicated in the declaration 'Aeneas.Std.core.core.clone.CloneGlobal'

Note: This linter can be disabled with `set_option linter.dupNamespace false`
warning: Aeneas/Std/Core/Core.lean:59:4: The namespace 'core' is duplicated in the declaration 'Aeneas.Std.core.core.clone.CloneBox'

Note: This linter can be disabled with `set_option linter.dupNamespace false`
warning: Aeneas/Std/Core/Core.lean:68:4: The namespace 'core' is duplicated in the declaration 'Aeneas.Std.core.core.marker.CopyBool'

Note: This linter can be disabled with `set_option linter.dupNamespace false`
✔ [1730/1733] Built KanidmKernel (22s)
✔ [1731/1733] Built Spec (15s)
⚠ [1732/1733] Built Properties (9.5s)
warning: Properties.lean:9:8: declaration uses `sorry`
warning: Properties.lean:16:8: declaration uses `sorry`
warning: Properties.lean:27:8: declaration uses `sorry`
warning: Properties.lean:36:8: declaration uses `sorry`
warning: Properties.lean:47:8: declaration uses `sorry`
warning: Properties.lean:57:8: declaration uses `sorry`
warning: Properties.lean:64:8: declaration uses `sorry`
warning: Properties.lean:72:8: declaration uses `sorry`
warning: Properties.lean:81:8: declaration uses `sorry`
warning: Properties.lean:92:8: declaration uses `sorry`
warning: Properties.lean:100:8: declaration uses `sorry`
warning: Properties.lean:107:8: declaration uses `sorry`
warning: Properties.lean:114:8: declaration uses `sorry`
warning: Properties.lean:127:8: declaration uses `sorry`
warning: Properties.lean:140:8: declaration uses `sorry`
warning: Properties.lean:153:8: declaration uses `sorry`
warning: Properties.lean:162:8: declaration uses `sorry`
warning: Properties.lean:170:8: declaration uses `sorry`
Build completed successfully (1733 jobs).

$ lake env lean /home/ht2673/Dev/h5i-app-bench/ports/kanidm/proofs/.lake/h5i/Gate.lean
gate: 18 theorems in 2 modules checked against propext, Classical.choice, Quot.sound

Error: ports/kanidm: proof gate failed:
  Properties.lean:13: sorry
  Properties.lean:20: sorry
  Properties.lean:32: sorry
  Properties.lean:43: sorry
  Properties.lean:52: sorry
  Properties.lean:61: sorry
  Properties.lean:67: sorry
  Properties.lean:77: sorry
  Properties.lean:86: sorry
  Properties.lean:96: sorry
  Properties.lean:104: sorry
  Properties.lean:111: sorry
  Properties.lean:120: sorry
  Properties.lean:134: sorry
  Properties.lean:147: sorry
  Properties.lean:156: sorry
  Properties.lean:164: sorry
  Properties.lean:173: sorry
  kanidm_kernel.Properties.str_contains_spec depends on [sorryAx]
  kanidm_kernel.Properties.delete_needs_profile depends on [sorryAx]
  kanidm_kernel.Properties.protected_deny_overrides_create depends on [sorryAx]
  kanidm_kernel.Properties.protected_deny_overrides_modify depends on [sorryAx]
  kanidm_kernel.Properties.protected_class_never_added depends on [sorryAx]
  kanidm_kernel.Properties.modify_needs_profile depends on [sorryAx]
  kanidm_kernel.Properties.synchronise_sees_nothing depends on [sorryAx]
  kanidm_kernel.Properties.search_attrs_granted depends on [sorryAx]
  kanidm_kernel.Properties.anonymous_reads_by_profile_only depends on [sorryAx]
  kanidm_kernel.Properties.create_needs_profile depends on [sorryAx]
  kanidm_kernel.Properties.readonly_cannot_modify depends on [sorryAx]
  kanidm_kernel.Properties.match_eq_spec depends on [sorryAx]
  kanidm_kernel.Properties.tombstone_locked depends on [sorryAx]
  kanidm_kernel.Properties.delete_protected depends on [sorryAx]
  kanidm_kernel.Properties.create_protected depends on [sorryAx]
  kanidm_kernel.Properties.account_request_creates_signups depends on [sorryAx]
  kanidm_kernel.Properties.sync_object_constrained depends on [sorryAx]
  kanidm_kernel.Properties.effective_permission_check_total depends on [sorryAx]
